// Jest Snapshot v1, https://goo.gl/fbAQLP

exports[`App renders correctly 1`] = `
ShallowWrapper {
  "length": 1,
  Symbol(enzyme.__root__): [Circular],
  Symbol(enzyme.__unrendered__): <App
    store={
        StateApi {
            "data": Object {
              "Widgets": Object {
                "tabbed-widget_1": Object {
                  "filters": Object {
                    "tab1": "TAG_1",
                    "tab2": "TAG_2",
                    "tab3": "TAG_3",
                  },
                  "id": "tabbed-widget_1",
                  "options": Object {
                    "layout": "horizontal",
                  },
                  "panels": Array [
                    Object {
                      "id": "tabbed-widget__tab-panel1",
                      "isPanelExpanded": true,
                      "labeledBy": "tabbed-widget__tab1",
                      "panelBody": "Lorum ipsum sit dolar.",
                      "panelHeading": "Panel 1",
                    },
                    Object {
                      "id": "tabbed-widget__tab-panel2",
                      "isPanelExpanded": false,
                      "labeledBy": "tabbed-widget__tab2",
                      "panelBody": "Lorum ipsum sit dolar.",
                      "panelHeading": "Panel 2",
                    },
                    Object {
                      "id": "tabbed-widget__tab-panel3",
                      "isPanelExpanded": false,
                      "labeledBy": "tabbed-widget__tab3",
                      "panelBody": "Lorum ipsum sit dolar.",
                      "panelHeading": "Panel 3",
                    },
                  ],
                  "tabs": Array [
                    Object {
                      "ariaControls": "tabbed-widget__tab-panel1",
                      "ariaSelected": true,
                      "id": "tabbed-widget__tab1",
                      "tabLabel": "Tab 1",
                    },
                    Object {
                      "ariaControls": "tabbed-widget__tab-panel2",
                      "ariaSelected": false,
                      "id": "tabbed-widget__tab2",
                      "tabLabel": "Tab 2",
                    },
                    Object {
                      "ariaControls": "tabbed-widget__tab-panel3",
                      "ariaSelected": false,
                      "id": "tabbed-widget__tab3",
                      "tabLabel": "Tab 3",
                    },
                  ],
                  "widgetHeading": "Widget 1",
                },
                "tabbed-widget_2": Object {
                  "filters": Object {
                    "tab1": "TAG_1",
                    "tab2": "TAG_2",
                    "tab3": "TAG_3",
                  },
                  "id": "tabbed-widget_2",
                  "options": Object {
                    "layout": "horizontal",
                  },
                  "panels": Array [
                    Object {
                      "id": "tabbed-widget__tab-panel1",
                      "isPanelExpanded": true,
                      "labeledBy": "tabbed-widget__tab1",
                      "panelBody": "Lorum ipsum sit dolar.",
                      "panelHeading": "Panel 1",
                    },
                    Object {
                      "id": "tabbed-widget__tab-panel2",
                      "isPanelExpanded": false,
                      "labeledBy": "tabbed-widget__tab2",
                      "panelBody": "Lorum ipsum sit dolar.",
                      "panelHeading": "Panel 2",
                    },
                    Object {
                      "id": "tabbed-widget__tab-panel3",
                      "isPanelExpanded": false,
                      "labeledBy": "tabbed-widget__tab3",
                      "panelBody": "Lorum ipsum sit dolar.",
                      "panelHeading": "Panel 3",
                    },
                  ],
                  "tabs": Array [
                    Object {
                      "ariaControls": "tabbed-widget__tab-panel1",
                      "ariaSelected": true,
                      "id": "tabbed-widget__tab1",
                      "tabLabel": "Tab 1",
                    },
                    Object {
                      "ariaControls": "tabbed-widget__tab-panel2",
                      "ariaSelected": false,
                      "id": "tabbed-widget__tab2",
                      "tabLabel": "Tab 2",
                    },
                    Object {
                      "ariaControls": "tabbed-widget__tab-panel3",
                      "ariaSelected": false,
                      "id": "tabbed-widget__tab3",
                      "tabLabel": "Tab 3",
                    },
                  ],
                  "widgetHeading": "Widget 2",
                },
              },
            },
            "getPanels": [Function],
            "getState": [Function],
            "getTabs": [Function],
          }
    }
/>,
  Symbol(enzyme.__renderer__): Object {
    "batchedUpdates": [Function],
    "getNode": [Function],
    "render": [Function],
    "simulateEvent": [Function],
    "unmount": [Function],
  },
  Symbol(enzyme.__node__): Object {
    "instance": null,
    "key": null,
    "nodeType": "host",
    "props": Object {
      "children": Array [
        <header
          className="App-header"
>
          <h1
                    className="App-title"
          >
                    React based Tabbed widget
          </h1>
</header>,
        <p
          className="App-intro"
>
          A Tabbed widget built in React.
</p>,
        <TabbedWidgetList
          store={
                    StateApi {
                              "data": Object {
                                "Widgets": Object {
                                  "tabbed-widget_1": Object {
                                    "filters": Object {
                                      "tab1": "TAG_1",
                                      "tab2": "TAG_2",
                                      "tab3": "TAG_3",
                                    },
                                    "id": "tabbed-widget_1",
                                    "options": Object {
                                      "layout": "horizontal",
                                    },
                                    "panels": Array [
                                      Object {
                                        "id": "tabbed-widget__tab-panel1",
                                        "isPanelExpanded": true,
                                        "labeledBy": "tabbed-widget__tab1",
                                        "panelBody": "Lorum ipsum sit dolar.",
                                        "panelHeading": "Panel 1",
                                      },
                                      Object {
                                        "id": "tabbed-widget__tab-panel2",
                                        "isPanelExpanded": false,
                                        "labeledBy": "tabbed-widget__tab2",
                                        "panelBody": "Lorum ipsum sit dolar.",
                                        "panelHeading": "Panel 2",
                                      },
                                      Object {
                                        "id": "tabbed-widget__tab-panel3",
                                        "isPanelExpanded": false,
                                        "labeledBy": "tabbed-widget__tab3",
                                        "panelBody": "Lorum ipsum sit dolar.",
                                        "panelHeading": "Panel 3",
                                      },
                                    ],
                                    "tabs": Array [
                                      Object {
                                        "ariaControls": "tabbed-widget__tab-panel1",
                                        "ariaSelected": true,
                                        "id": "tabbed-widget__tab1",
                                        "tabLabel": "Tab 1",
                                      },
                                      Object {
                                        "ariaControls": "tabbed-widget__tab-panel2",
                                        "ariaSelected": false,
                                        "id": "tabbed-widget__tab2",
                                        "tabLabel": "Tab 2",
                                      },
                                      Object {
                                        "ariaControls": "tabbed-widget__tab-panel3",
                                        "ariaSelected": false,
                                        "id": "tabbed-widget__tab3",
                                        "tabLabel": "Tab 3",
                                      },
                                    ],
                                    "widgetHeading": "Widget 1",
                                  },
                                  "tabbed-widget_2": Object {
                                    "filters": Object {
                                      "tab1": "TAG_1",
                                      "tab2": "TAG_2",
                                      "tab3": "TAG_3",
                                    },
                                    "id": "tabbed-widget_2",
                                    "options": Object {
                                      "layout": "horizontal",
                                    },
                                    "panels": Array [
                                      Object {
                                        "id": "tabbed-widget__tab-panel1",
                                        "isPanelExpanded": true,
                                        "labeledBy": "tabbed-widget__tab1",
                                        "panelBody": "Lorum ipsum sit dolar.",
                                        "panelHeading": "Panel 1",
                                      },
                                      Object {
                                        "id": "tabbed-widget__tab-panel2",
                                        "isPanelExpanded": false,
                                        "labeledBy": "tabbed-widget__tab2",
                                        "panelBody": "Lorum ipsum sit dolar.",
                                        "panelHeading": "Panel 2",
                                      },
                                      Object {
                                        "id": "tabbed-widget__tab-panel3",
                                        "isPanelExpanded": false,
                                        "labeledBy": "tabbed-widget__tab3",
                                        "panelBody": "Lorum ipsum sit dolar.",
                                        "panelHeading": "Panel 3",
                                      },
                                    ],
                                    "tabs": Array [
                                      Object {
                                        "ariaControls": "tabbed-widget__tab-panel1",
                                        "ariaSelected": true,
                                        "id": "tabbed-widget__tab1",
                                        "tabLabel": "Tab 1",
                                      },
                                      Object {
                                        "ariaControls": "tabbed-widget__tab-panel2",
                                        "ariaSelected": false,
                                        "id": "tabbed-widget__tab2",
                                        "tabLabel": "Tab 2",
                                      },
                                      Object {
                                        "ariaControls": "tabbed-widget__tab-panel3",
                                        "ariaSelected": false,
                                        "id": "tabbed-widget__tab3",
                                        "tabLabel": "Tab 3",
                                      },
                                    ],
                                    "widgetHeading": "Widget 2",
                                  },
                                },
                              },
                              "getPanels": [Function],
                              "getState": [Function],
                              "getTabs": [Function],
                            }
          }
          tabbedWidgets={
                    Object {
                              "tabbed-widget_1": Object {
                                "filters": Object {
                                  "tab1": "TAG_1",
                                  "tab2": "TAG_2",
                                  "tab3": "TAG_3",
                                },
                                "id": "tabbed-widget_1",
                                "options": Object {
                                  "layout": "horizontal",
                                },
                                "panels": Array [
                                  Object {
                                    "id": "tabbed-widget__tab-panel1",
                                    "isPanelExpanded": true,
                                    "labeledBy": "tabbed-widget__tab1",
                                    "panelBody": "Lorum ipsum sit dolar.",
                                    "panelHeading": "Panel 1",
                                  },
                                  Object {
                                    "id": "tabbed-widget__tab-panel2",
                                    "isPanelExpanded": false,
                                    "labeledBy": "tabbed-widget__tab2",
                                    "panelBody": "Lorum ipsum sit dolar.",
                                    "panelHeading": "Panel 2",
                                  },
                                  Object {
                                    "id": "tabbed-widget__tab-panel3",
                                    "isPanelExpanded": false,
                                    "labeledBy": "tabbed-widget__tab3",
                                    "panelBody": "Lorum ipsum sit dolar.",
                                    "panelHeading": "Panel 3",
                                  },
                                ],
                                "tabs": Array [
                                  Object {
                                    "ariaControls": "tabbed-widget__tab-panel1",
                                    "ariaSelected": true,
                                    "id": "tabbed-widget__tab1",
                                    "tabLabel": "Tab 1",
                                  },
                                  Object {
                                    "ariaControls": "tabbed-widget__tab-panel2",
                                    "ariaSelected": false,
                                    "id": "tabbed-widget__tab2",
                                    "tabLabel": "Tab 2",
                                  },
                                  Object {
                                    "ariaControls": "tabbed-widget__tab-panel3",
                                    "ariaSelected": false,
                                    "id": "tabbed-widget__tab3",
                                    "tabLabel": "Tab 3",
                                  },
                                ],
                                "widgetHeading": "Widget 1",
                              },
                              "tabbed-widget_2": Object {
                                "filters": Object {
                                  "tab1": "TAG_1",
                                  "tab2": "TAG_2",
                                  "tab3": "TAG_3",
                                },
                                "id": "tabbed-widget_2",
                                "options": Object {
                                  "layout": "horizontal",
                                },
                                "panels": Array [
                                  Object {
                                    "id": "tabbed-widget__tab-panel1",
                                    "isPanelExpanded": true,
                                    "labeledBy": "tabbed-widget__tab1",
                                    "panelBody": "Lorum ipsum sit dolar.",
                                    "panelHeading": "Panel 1",
                                  },
                                  Object {
                                    "id": "tabbed-widget__tab-panel2",
                                    "isPanelExpanded": false,
                                    "labeledBy": "tabbed-widget__tab2",
                                    "panelBody": "Lorum ipsum sit dolar.",
                                    "panelHeading": "Panel 2",
                                  },
                                  Object {
                                    "id": "tabbed-widget__tab-panel3",
                                    "isPanelExpanded": false,
                                    "labeledBy": "tabbed-widget__tab3",
                                    "panelBody": "Lorum ipsum sit dolar.",
                                    "panelHeading": "Panel 3",
                                  },
                                ],
                                "tabs": Array [
                                  Object {
                                    "ariaControls": "tabbed-widget__tab-panel1",
                                    "ariaSelected": true,
                                    "id": "tabbed-widget__tab1",
                                    "tabLabel": "Tab 1",
                                  },
                                  Object {
                                    "ariaControls": "tabbed-widget__tab-panel2",
                                    "ariaSelected": false,
                                    "id": "tabbed-widget__tab2",
                                    "tabLabel": "Tab 2",
                                  },
                                  Object {
                                    "ariaControls": "tabbed-widget__tab-panel3",
                                    "ariaSelected": false,
                                    "id": "tabbed-widget__tab3",
                                    "tabLabel": "Tab 3",
                                  },
                                ],
                                "widgetHeading": "Widget 2",
                              },
                            }
          }
/>,
      ],
      "className": "App",
    },
    "ref": null,
    "rendered": Array [
      Object {
        "instance": null,
        "key": null,
        "nodeType": "host",
        "props": Object {
          "children": <h1
            className="App-title"
>
            React based Tabbed widget
</h1>,
          "className": "App-header",
        },
        "ref": null,
        "rendered": Object {
          "instance": null,
          "key": null,
          "nodeType": "host",
          "props": Object {
            "children": "React based Tabbed widget",
            "className": "App-title",
          },
          "ref": null,
          "rendered": "React based Tabbed widget",
          "type": "h1",
        },
        "type": "header",
      },
      Object {
        "instance": null,
        "key": null,
        "nodeType": "host",
        "props": Object {
          "children": "A Tabbed widget built in React.",
          "className": "App-intro",
        },
        "ref": null,
        "rendered": "A Tabbed widget built in React.",
        "type": "p",
      },
      Object {
        "instance": null,
        "key": null,
        "nodeType": "class",
        "props": Object {
          "store": StateApi {
            "data": Object {
              "Widgets": Object {
                "tabbed-widget_1": Object {
                  "filters": Object {
                    "tab1": "TAG_1",
                    "tab2": "TAG_2",
                    "tab3": "TAG_3",
                  },
                  "id": "tabbed-widget_1",
                  "options": Object {
                    "layout": "horizontal",
                  },
                  "panels": Array [
                    Object {
                      "id": "tabbed-widget__tab-panel1",
                      "isPanelExpanded": true,
                      "labeledBy": "tabbed-widget__tab1",
                      "panelBody": "Lorum ipsum sit dolar.",
                      "panelHeading": "Panel 1",
                    },
                    Object {
                      "id": "tabbed-widget__tab-panel2",
                      "isPanelExpanded": false,
                      "labeledBy": "tabbed-widget__tab2",
                      "panelBody": "Lorum ipsum sit dolar.",
                      "panelHeading": "Panel 2",
                    },
                    Object {
                      "id": "tabbed-widget__tab-panel3",
                      "isPanelExpanded": false,
                      "labeledBy": "tabbed-widget__tab3",
                      "panelBody": "Lorum ipsum sit dolar.",
                      "panelHeading": "Panel 3",
                    },
                  ],
                  "tabs": Array [
                    Object {
                      "ariaControls": "tabbed-widget__tab-panel1",
                      "ariaSelected": true,
                      "id": "tabbed-widget__tab1",
                      "tabLabel": "Tab 1",
                    },
                    Object {
                      "ariaControls": "tabbed-widget__tab-panel2",
                      "ariaSelected": false,
                      "id": "tabbed-widget__tab2",
                      "tabLabel": "Tab 2",
                    },
                    Object {
                      "ariaControls": "tabbed-widget__tab-panel3",
                      "ariaSelected": false,
                      "id": "tabbed-widget__tab3",
                      "tabLabel": "Tab 3",
                    },
                  ],
                  "widgetHeading": "Widget 1",
                },
                "tabbed-widget_2": Object {
                  "filters": Object {
                    "tab1": "TAG_1",
                    "tab2": "TAG_2",
                    "tab3": "TAG_3",
                  },
                  "id": "tabbed-widget_2",
                  "options": Object {
                    "layout": "horizontal",
                  },
                  "panels": Array [
                    Object {
                      "id": "tabbed-widget__tab-panel1",
                      "isPanelExpanded": true,
                      "labeledBy": "tabbed-widget__tab1",
                      "panelBody": "Lorum ipsum sit dolar.",
                      "panelHeading": "Panel 1",
                    },
                    Object {
                      "id": "tabbed-widget__tab-panel2",
                      "isPanelExpanded": false,
                      "labeledBy": "tabbed-widget__tab2",
                      "panelBody": "Lorum ipsum sit dolar.",
                      "panelHeading": "Panel 2",
                    },
                    Object {
                      "id": "tabbed-widget__tab-panel3",
                      "isPanelExpanded": false,
                      "labeledBy": "tabbed-widget__tab3",
                      "panelBody": "Lorum ipsum sit dolar.",
                      "panelHeading": "Panel 3",
                    },
                  ],
                  "tabs": Array [
                    Object {
                      "ariaControls": "tabbed-widget__tab-panel1",
                      "ariaSelected": true,
                      "id": "tabbed-widget__tab1",
                      "tabLabel": "Tab 1",
                    },
                    Object {
                      "ariaControls": "tabbed-widget__tab-panel2",
                      "ariaSelected": false,
                      "id": "tabbed-widget__tab2",
                      "tabLabel": "Tab 2",
                    },
                    Object {
                      "ariaControls": "tabbed-widget__tab-panel3",
                      "ariaSelected": false,
                      "id": "tabbed-widget__tab3",
                      "tabLabel": "Tab 3",
                    },
                  ],
                  "widgetHeading": "Widget 2",
                },
              },
            },
            "getPanels": [Function],
            "getState": [Function],
            "getTabs": [Function],
          },
          "tabbedWidgets": Object {
            "tabbed-widget_1": Object {
              "filters": Object {
                "tab1": "TAG_1",
                "tab2": "TAG_2",
                "tab3": "TAG_3",
              },
              "id": "tabbed-widget_1",
              "options": Object {
                "layout": "horizontal",
              },
              "panels": Array [
                Object {
                  "id": "tabbed-widget__tab-panel1",
                  "isPanelExpanded": true,
                  "labeledBy": "tabbed-widget__tab1",
                  "panelBody": "Lorum ipsum sit dolar.",
                  "panelHeading": "Panel 1",
                },
                Object {
                  "id": "tabbed-widget__tab-panel2",
                  "isPanelExpanded": false,
                  "labeledBy": "tabbed-widget__tab2",
                  "panelBody": "Lorum ipsum sit dolar.",
                  "panelHeading": "Panel 2",
                },
                Object {
                  "id": "tabbed-widget__tab-panel3",
                  "isPanelExpanded": false,
                  "labeledBy": "tabbed-widget__tab3",
                  "panelBody": "Lorum ipsum sit dolar.",
                  "panelHeading": "Panel 3",
                },
              ],
              "tabs": Array [
                Object {
                  "ariaControls": "tabbed-widget__tab-panel1",
                  "ariaSelected": true,
                  "id": "tabbed-widget__tab1",
                  "tabLabel": "Tab 1",
                },
                Object {
                  "ariaControls": "tabbed-widget__tab-panel2",
                  "ariaSelected": false,
                  "id": "tabbed-widget__tab2",
                  "tabLabel": "Tab 2",
                },
                Object {
                  "ariaControls": "tabbed-widget__tab-panel3",
                  "ariaSelected": false,
                  "id": "tabbed-widget__tab3",
                  "tabLabel": "Tab 3",
                },
              ],
              "widgetHeading": "Widget 1",
            },
            "tabbed-widget_2": Object {
              "filters": Object {
                "tab1": "TAG_1",
                "tab2": "TAG_2",
                "tab3": "TAG_3",
              },
              "id": "tabbed-widget_2",
              "options": Object {
                "layout": "horizontal",
              },
              "panels": Array [
                Object {
                  "id": "tabbed-widget__tab-panel1",
                  "isPanelExpanded": true,
                  "labeledBy": "tabbed-widget__tab1",
                  "panelBody": "Lorum ipsum sit dolar.",
                  "panelHeading": "Panel 1",
                },
                Object {
                  "id": "tabbed-widget__tab-panel2",
                  "isPanelExpanded": false,
                  "labeledBy": "tabbed-widget__tab2",
                  "panelBody": "Lorum ipsum sit dolar.",
                  "panelHeading": "Panel 2",
                },
                Object {
                  "id": "tabbed-widget__tab-panel3",
                  "isPanelExpanded": false,
                  "labeledBy": "tabbed-widget__tab3",
                  "panelBody": "Lorum ipsum sit dolar.",
                  "panelHeading": "Panel 3",
                },
              ],
              "tabs": Array [
                Object {
                  "ariaControls": "tabbed-widget__tab-panel1",
                  "ariaSelected": true,
                  "id": "tabbed-widget__tab1",
                  "tabLabel": "Tab 1",
                },
                Object {
                  "ariaControls": "tabbed-widget__tab-panel2",
                  "ariaSelected": false,
                  "id": "tabbed-widget__tab2",
                  "tabLabel": "Tab 2",
                },
                Object {
                  "ariaControls": "tabbed-widget__tab-panel3",
                  "ariaSelected": false,
                  "id": "tabbed-widget__tab3",
                  "tabLabel": "Tab 3",
                },
              ],
              "widgetHeading": "Widget 2",
            },
          },
        },
        "ref": null,
        "rendered": null,
        "type": [Function],
      },
    ],
    "type": "div",
  },
  Symbol(enzyme.__nodes__): Array [
    Object {
      "instance": null,
      "key": null,
      "nodeType": "host",
      "props": Object {
        "children": Array [
          <header
            className="App-header"
>
            <h1
                        className="App-title"
            >
                        React based Tabbed widget
            </h1>
</header>,
          <p
            className="App-intro"
>
            A Tabbed widget built in React.
</p>,
          <TabbedWidgetList
            store={
                        StateApi {
                                    "data": Object {
                                      "Widgets": Object {
                                        "tabbed-widget_1": Object {
                                          "filters": Object {
                                            "tab1": "TAG_1",
                                            "tab2": "TAG_2",
                                            "tab3": "TAG_3",
                                          },
                                          "id": "tabbed-widget_1",
                                          "options": Object {
                                            "layout": "horizontal",
                                          },
                                          "panels": Array [
                                            Object {
                                              "id": "tabbed-widget__tab-panel1",
                                              "isPanelExpanded": true,
                                              "labeledBy": "tabbed-widget__tab1",
                                              "panelBody": "Lorum ipsum sit dolar.",
                                              "panelHeading": "Panel 1",
                                            },
                                            Object {
                                              "id": "tabbed-widget__tab-panel2",
                                              "isPanelExpanded": false,
                                              "labeledBy": "tabbed-widget__tab2",
                                              "panelBody": "Lorum ipsum sit dolar.",
                                              "panelHeading": "Panel 2",
                                            },
                                            Object {
                                              "id": "tabbed-widget__tab-panel3",
                                              "isPanelExpanded": false,
                                              "labeledBy": "tabbed-widget__tab3",
                                              "panelBody": "Lorum ipsum sit dolar.",
                                              "panelHeading": "Panel 3",
                                            },
                                          ],
                                          "tabs": Array [
                                            Object {
                                              "ariaControls": "tabbed-widget__tab-panel1",
                                              "ariaSelected": true,
                                              "id": "tabbed-widget__tab1",
                                              "tabLabel": "Tab 1",
                                            },
                                            Object {
                                              "ariaControls": "tabbed-widget__tab-panel2",
                                              "ariaSelected": false,
                                              "id": "tabbed-widget__tab2",
                                              "tabLabel": "Tab 2",
                                            },
                                            Object {
                                              "ariaControls": "tabbed-widget__tab-panel3",
                                              "ariaSelected": false,
                                              "id": "tabbed-widget__tab3",
                                              "tabLabel": "Tab 3",
                                            },
                                          ],
                                          "widgetHeading": "Widget 1",
                                        },
                                        "tabbed-widget_2": Object {
                                          "filters": Object {
                                            "tab1": "TAG_1",
                                            "tab2": "TAG_2",
                                            "tab3": "TAG_3",
                                          },
                                          "id": "tabbed-widget_2",
                                          "options": Object {
                                            "layout": "horizontal",
                                          },
                                          "panels": Array [
                                            Object {
                                              "id": "tabbed-widget__tab-panel1",
                                              "isPanelExpanded": true,
                                              "labeledBy": "tabbed-widget__tab1",
                                              "panelBody": "Lorum ipsum sit dolar.",
                                              "panelHeading": "Panel 1",
                                            },
                                            Object {
                                              "id": "tabbed-widget__tab-panel2",
                                              "isPanelExpanded": false,
                                              "labeledBy": "tabbed-widget__tab2",
                                              "panelBody": "Lorum ipsum sit dolar.",
                                              "panelHeading": "Panel 2",
                                            },
                                            Object {
                                              "id": "tabbed-widget__tab-panel3",
                                              "isPanelExpanded": false,
                                              "labeledBy": "tabbed-widget__tab3",
                                              "panelBody": "Lorum ipsum sit dolar.",
                                              "panelHeading": "Panel 3",
                                            },
                                          ],
                                          "tabs": Array [
                                            Object {
                                              "ariaControls": "tabbed-widget__tab-panel1",
                                              "ariaSelected": true,
                                              "id": "tabbed-widget__tab1",
                                              "tabLabel": "Tab 1",
                                            },
                                            Object {
                                              "ariaControls": "tabbed-widget__tab-panel2",
                                              "ariaSelected": false,
                                              "id": "tabbed-widget__tab2",
                                              "tabLabel": "Tab 2",
                                            },
                                            Object {
                                              "ariaControls": "tabbed-widget__tab-panel3",
                                              "ariaSelected": false,
                                              "id": "tabbed-widget__tab3",
                                              "tabLabel": "Tab 3",
                                            },
                                          ],
                                          "widgetHeading": "Widget 2",
                                        },
                                      },
                                    },
                                    "getPanels": [Function],
                                    "getState": [Function],
                                    "getTabs": [Function],
                                  }
            }
            tabbedWidgets={
                        Object {
                                    "tabbed-widget_1": Object {
                                      "filters": Object {
                                        "tab1": "TAG_1",
                                        "tab2": "TAG_2",
                                        "tab3": "TAG_3",
                                      },
                                      "id": "tabbed-widget_1",
                                      "options": Object {
                                        "layout": "horizontal",
                                      },
                                      "panels": Array [
                                        Object {
                                          "id": "tabbed-widget__tab-panel1",
                                          "isPanelExpanded": true,
                                          "labeledBy": "tabbed-widget__tab1",
                                          "panelBody": "Lorum ipsum sit dolar.",
                                          "panelHeading": "Panel 1",
                                        },
                                        Object {
                                          "id": "tabbed-widget__tab-panel2",
                                          "isPanelExpanded": false,
                                          "labeledBy": "tabbed-widget__tab2",
                                          "panelBody": "Lorum ipsum sit dolar.",
                                          "panelHeading": "Panel 2",
                                        },
                                        Object {
                                          "id": "tabbed-widget__tab-panel3",
                                          "isPanelExpanded": false,
                                          "labeledBy": "tabbed-widget__tab3",
                                          "panelBody": "Lorum ipsum sit dolar.",
                                          "panelHeading": "Panel 3",
                                        },
                                      ],
                                      "tabs": Array [
                                        Object {
                                          "ariaControls": "tabbed-widget__tab-panel1",
                                          "ariaSelected": true,
                                          "id": "tabbed-widget__tab1",
                                          "tabLabel": "Tab 1",
                                        },
                                        Object {
                                          "ariaControls": "tabbed-widget__tab-panel2",
                                          "ariaSelected": false,
                                          "id": "tabbed-widget__tab2",
                                          "tabLabel": "Tab 2",
                                        },
                                        Object {
                                          "ariaControls": "tabbed-widget__tab-panel3",
                                          "ariaSelected": false,
                                          "id": "tabbed-widget__tab3",
                                          "tabLabel": "Tab 3",
                                        },
                                      ],
                                      "widgetHeading": "Widget 1",
                                    },
                                    "tabbed-widget_2": Object {
                                      "filters": Object {
                                        "tab1": "TAG_1",
                                        "tab2": "TAG_2",
                                        "tab3": "TAG_3",
                                      },
                                      "id": "tabbed-widget_2",
                                      "options": Object {
                                        "layout": "horizontal",
                                      },
                                      "panels": Array [
                                        Object {
                                          "id": "tabbed-widget__tab-panel1",
                                          "isPanelExpanded": true,
                                          "labeledBy": "tabbed-widget__tab1",
                                          "panelBody": "Lorum ipsum sit dolar.",
                                          "panelHeading": "Panel 1",
                                        },
                                        Object {
                                          "id": "tabbed-widget__tab-panel2",
                                          "isPanelExpanded": false,
                                          "labeledBy": "tabbed-widget__tab2",
                                          "panelBody": "Lorum ipsum sit dolar.",
                                          "panelHeading": "Panel 2",
                                        },
                                        Object {
                                          "id": "tabbed-widget__tab-panel3",
                                          "isPanelExpanded": false,
                                          "labeledBy": "tabbed-widget__tab3",
                                          "panelBody": "Lorum ipsum sit dolar.",
                                          "panelHeading": "Panel 3",
                                        },
                                      ],
                                      "tabs": Array [
                                        Object {
                                          "ariaControls": "tabbed-widget__tab-panel1",
                                          "ariaSelected": true,
                                          "id": "tabbed-widget__tab1",
                                          "tabLabel": "Tab 1",
                                        },
                                        Object {
                                          "ariaControls": "tabbed-widget__tab-panel2",
                                          "ariaSelected": false,
                                          "id": "tabbed-widget__tab2",
                                          "tabLabel": "Tab 2",
                                        },
                                        Object {
                                          "ariaControls": "tabbed-widget__tab-panel3",
                                          "ariaSelected": false,
                                          "id": "tabbed-widget__tab3",
                                          "tabLabel": "Tab 3",
                                        },
                                      ],
                                      "widgetHeading": "Widget 2",
                                    },
                                  }
            }
/>,
        ],
        "className": "App",
      },
      "ref": null,
      "rendered": Array [
        Object {
          "instance": null,
          "key": null,
          "nodeType": "host",
          "props": Object {
            "children": <h1
              className="App-title"
>
              React based Tabbed widget
</h1>,
            "className": "App-header",
          },
          "ref": null,
          "rendered": Object {
            "instance": null,
            "key": null,
            "nodeType": "host",
            "props": Object {
              "children": "React based Tabbed widget",
              "className": "App-title",
            },
            "ref": null,
            "rendered": "React based Tabbed widget",
            "type": "h1",
          },
          "type": "header",
        },
        Object {
          "instance": null,
          "key": null,
          "nodeType": "host",
          "props": Object {
            "children": "A Tabbed widget built in React.",
            "className": "App-intro",
          },
          "ref": null,
          "rendered": "A Tabbed widget built in React.",
          "type": "p",
        },
        Object {
          "instance": null,
          "key": null,
          "nodeType": "class",
          "props": Object {
            "store": StateApi {
              "data": Object {
                "Widgets": Object {
                  "tabbed-widget_1": Object {
                    "filters": Object {
                      "tab1": "TAG_1",
                      "tab2": "TAG_2",
                      "tab3": "TAG_3",
                    },
                    "id": "tabbed-widget_1",
                    "options": Object {
                      "layout": "horizontal",
                    },
                    "panels": Array [
                      Object {
                        "id": "tabbed-widget__tab-panel1",
                        "isPanelExpanded": true,
                        "labeledBy": "tabbed-widget__tab1",
                        "panelBody": "Lorum ipsum sit dolar.",
                        "panelHeading": "Panel 1",
                      },
                      Object {
                        "id": "tabbed-widget__tab-panel2",
                        "isPanelExpanded": false,
                        "labeledBy": "tabbed-widget__tab2",
                        "panelBody": "Lorum ipsum sit dolar.",
                        "panelHeading": "Panel 2",
                      },
                      Object {
                        "id": "tabbed-widget__tab-panel3",
                        "isPanelExpanded": false,
                        "labeledBy": "tabbed-widget__tab3",
                        "panelBody": "Lorum ipsum sit dolar.",
                        "panelHeading": "Panel 3",
                      },
                    ],
                    "tabs": Array [
                      Object {
                        "ariaControls": "tabbed-widget__tab-panel1",
                        "ariaSelected": true,
                        "id": "tabbed-widget__tab1",
                        "tabLabel": "Tab 1",
                      },
                      Object {
                        "ariaControls": "tabbed-widget__tab-panel2",
                        "ariaSelected": false,
                        "id": "tabbed-widget__tab2",
                        "tabLabel": "Tab 2",
                      },
                      Object {
                        "ariaControls": "tabbed-widget__tab-panel3",
                        "ariaSelected": false,
                        "id": "tabbed-widget__tab3",
                        "tabLabel": "Tab 3",
                      },
                    ],
                    "widgetHeading": "Widget 1",
                  },
                  "tabbed-widget_2": Object {
                    "filters": Object {
                      "tab1": "TAG_1",
                      "tab2": "TAG_2",
                      "tab3": "TAG_3",
                    },
                    "id": "tabbed-widget_2",
                    "options": Object {
                      "layout": "horizontal",
                    },
                    "panels": Array [
                      Object {
                        "id": "tabbed-widget__tab-panel1",
                        "isPanelExpanded": true,
                        "labeledBy": "tabbed-widget__tab1",
                        "panelBody": "Lorum ipsum sit dolar.",
                        "panelHeading": "Panel 1",
                      },
                      Object {
                        "id": "tabbed-widget__tab-panel2",
                        "isPanelExpanded": false,
                        "labeledBy": "tabbed-widget__tab2",
                        "panelBody": "Lorum ipsum sit dolar.",
                        "panelHeading": "Panel 2",
                      },
                      Object {
                        "id": "tabbed-widget__tab-panel3",
                        "isPanelExpanded": false,
                        "labeledBy": "tabbed-widget__tab3",
                        "panelBody": "Lorum ipsum sit dolar.",
                        "panelHeading": "Panel 3",
                      },
                    ],
                    "tabs": Array [
                      Object {
                        "ariaControls": "tabbed-widget__tab-panel1",
                        "ariaSelected": true,
                        "id": "tabbed-widget__tab1",
                        "tabLabel": "Tab 1",
                      },
                      Object {
                        "ariaControls": "tabbed-widget__tab-panel2",
                        "ariaSelected": false,
                        "id": "tabbed-widget__tab2",
                        "tabLabel": "Tab 2",
                      },
                      Object {
                        "ariaControls": "tabbed-widget__tab-panel3",
                        "ariaSelected": false,
                        "id": "tabbed-widget__tab3",
                        "tabLabel": "Tab 3",
                      },
                    ],
                    "widgetHeading": "Widget 2",
                  },
                },
              },
              "getPanels": [Function],
              "getState": [Function],
              "getTabs": [Function],
            },
            "tabbedWidgets": Object {
              "tabbed-widget_1": Object {
                "filters": Object {
                  "tab1": "TAG_1",
                  "tab2": "TAG_2",
                  "tab3": "TAG_3",
                },
                "id": "tabbed-widget_1",
                "options": Object {
                  "layout": "horizontal",
                },
                "panels": Array [
                  Object {
                    "id": "tabbed-widget__tab-panel1",
                    "isPanelExpanded": true,
                    "labeledBy": "tabbed-widget__tab1",
                    "panelBody": "Lorum ipsum sit dolar.",
                    "panelHeading": "Panel 1",
                  },
                  Object {
                    "id": "tabbed-widget__tab-panel2",
                    "isPanelExpanded": false,
                    "labeledBy": "tabbed-widget__tab2",
                    "panelBody": "Lorum ipsum sit dolar.",
                    "panelHeading": "Panel 2",
                  },
                  Object {
                    "id": "tabbed-widget__tab-panel3",
                    "isPanelExpanded": false,
                    "labeledBy": "tabbed-widget__tab3",
                    "panelBody": "Lorum ipsum sit dolar.",
                    "panelHeading": "Panel 3",
                  },
                ],
                "tabs": Array [
                  Object {
                    "ariaControls": "tabbed-widget__tab-panel1",
                    "ariaSelected": true,
                    "id": "tabbed-widget__tab1",
                    "tabLabel": "Tab 1",
                  },
                  Object {
                    "ariaControls": "tabbed-widget__tab-panel2",
                    "ariaSelected": false,
                    "id": "tabbed-widget__tab2",
                    "tabLabel": "Tab 2",
                  },
                  Object {
                    "ariaControls": "tabbed-widget__tab-panel3",
                    "ariaSelected": false,
                    "id": "tabbed-widget__tab3",
                    "tabLabel": "Tab 3",
                  },
                ],
                "widgetHeading": "Widget 1",
              },
              "tabbed-widget_2": Object {
                "filters": Object {
                  "tab1": "TAG_1",
                  "tab2": "TAG_2",
                  "tab3": "TAG_3",
                },
                "id": "tabbed-widget_2",
                "options": Object {
                  "layout": "horizontal",
                },
                "panels": Array [
                  Object {
                    "id": "tabbed-widget__tab-panel1",
                    "isPanelExpanded": true,
                    "labeledBy": "tabbed-widget__tab1",
                    "panelBody": "Lorum ipsum sit dolar.",
                    "panelHeading": "Panel 1",
                  },
                  Object {
                    "id": "tabbed-widget__tab-panel2",
                    "isPanelExpanded": false,
                    "labeledBy": "tabbed-widget__tab2",
                    "panelBody": "Lorum ipsum sit dolar.",
                    "panelHeading": "Panel 2",
                  },
                  Object {
                    "id": "tabbed-widget__tab-panel3",
                    "isPanelExpanded": false,
                    "labeledBy": "tabbed-widget__tab3",
                    "panelBody": "Lorum ipsum sit dolar.",
                    "panelHeading": "Panel 3",
                  },
                ],
                "tabs": Array [
                  Object {
                    "ariaControls": "tabbed-widget__tab-panel1",
                    "ariaSelected": true,
                    "id": "tabbed-widget__tab1",
                    "tabLabel": "Tab 1",
                  },
                  Object {
                    "ariaControls": "tabbed-widget__tab-panel2",
                    "ariaSelected": false,
                    "id": "tabbed-widget__tab2",
                    "tabLabel": "Tab 2",
                  },
                  Object {
                    "ariaControls": "tabbed-widget__tab-panel3",
                    "ariaSelected": false,
                    "id": "tabbed-widget__tab3",
                    "tabLabel": "Tab 3",
                  },
                ],
                "widgetHeading": "Widget 2",
              },
            },
          },
          "ref": null,
          "rendered": null,
          "type": [Function],
        },
      ],
      "type": "div",
    },
  ],
  Symbol(enzyme.__options__): Object {
    "adapter": ReactSixteenAdapter {
      "options": Object {
        "enableComponentDidUpdateOnSetState": true,
      },
    },
  },
}
`;
